goos: darwin
goarch: arm64
pkg: github.com/yaklang/yaklang/common/sca/analyzer
BenchmarkExactIdentity/1000-10         	       1	  32663666 ns/op	  289264 B/op	    2759 allocs/op
PASS
        0.91 real         0.04 user         0.01 sys
            22478848  maximum resident set size
                   0  average shared memory size
                   0  average unshared data size
                   0  average unshared stack size
                1752  page reclaims
                 191  page faults
                   0  swaps
                   0  block input operations
                   0  block output operations
                   0  messages sent
                   0  messages received
                  24  signals received
                  13  voluntary context switches
                 334  involuntary context switches
           733342642  instructions retired
           161144885  cycles elapsed
            10438208  peak memory footprint
