goos: darwin
goarch: arm64
pkg: github.com/yaklang/yaklang/common/sca/analyzer
BenchmarkExactIdentity/100-10         	       1	    303416 ns/op	   30368 B/op	     214 allocs/op
BenchmarkExactIdentity/100000-10      	       1	165584660458 ns/op	33390344 B/op	  302425 allocs/op
PASS
      166.01 real       161.61 user         0.59 sys
            56328192  maximum resident set size
                   0  average shared memory size
                   0  average unshared data size
                   0  average unshared stack size
                9042  page reclaims
                 208  page faults
                   0  swaps
                   0  block input operations
                   0  block output operations
                   0  messages sent
                   0  messages received
                6972  signals received
                  71  voluntary context switches
              152414  involuntary context switches
       3079448170107  instructions retired
        500570656404  cycles elapsed
            44058176  peak memory footprint
