◆ memfit  local isolated agent
test-model · YOLO · /workspace/yaklang
Enter send · Alt+Enter newline · Ctrl+C stop · /help
✓ review policy: MANUAL
You › needs-review
? Allow the deterministic test action?
You › approve
Thinking › checking…
Memfit › approved: approve
✓ completed · <elapsed> · test-model
You › slow
■ cancellation requested; press Ctrl+C again to exit
◆ cancelling…
