◆ memfit  local isolated agent
test-model · YOLO · …/001
Enter send · Alt+Enter newline · @ files · / commands · PgUp history

╭─ Files · ↑↓ choose · Tab insert
│ › @README.md  file
╰─ 1 match
╭─ Message ────────────────────────────────────────────────────────────
│ ❯ @REA
╰──────────────────────────────────────────────────────────────────────
○ Ready                test-model · YOLO · click/Ctrl+O details · /help
