◆ memfit  local isolated agent
test-model · YOLO · …/001
Enter send · Alt+Enter newline · @ files · / commands · PgUp history

╭─ Message ────────────────────────────────────────────────────────────
│ ❯ first line
│   第二行 🌏
╰──────────────────────────────────────────────────────────────────────
○ Ready                test-model · YOLO · click/Ctrl+O details · /help
