◆ memfit  local isolated agent
test-model · YOLO · /workspace/yaklang
Enter send · Alt+Enter newline · Ctrl+C stop · /help

You
  tool-noise

Tool issue
  missing required command; Memfit corrected the tool input and retried

Memfit
  最终答案，只展示一次。

✓ Completed · <elapsed> · test-model

  ✓ Thinking ▸
› × Read ▸ · 文件读取 · README.md
○ Ready
❯
