◆ memfit  local isolated agent
test-model · YOLO · /workspace/yaklang
Enter send · Alt+Enter newline · Ctrl+C stop · /help

Mode
  Review policy changed to MANUAL

You
  needs-review

Action required
  Allow the deterministic test action?

reply ❯
───────────────────────────────────────────────────────────────────────
? Waiting for your reply               test-model · MANUAL · ^O details
