◆ memfit  local isolated agent
test-model · YOLO · /workspace/yaklang
Enter send · Alt+Enter newline · @ files · / commands · PgUp history

You
  error-with-queue

Queued #1
  continue after error

Error
  deterministic provider failure

╭─ Message ────────────────────────────────────────────────────────────
│ ❯ Type a message · @ files · / commands
╰──────────────────────────────────────────────────────────────────────
○ Queue paused · 1 waiting               test-model · YOLO · ^O details
