◆ memfit  local isolated agent
test-model · YOLO · /workspace/yaklang
Enter send · Alt+Enter newline · Ctrl+C stop · /help

You
  stream-while-type

Memfit
  answer starts and continues while typing

✓ Completed · <elapsed> · test-model

❯ draft 中文 stays
───────────────────────────────────────────────────────────────────────
○ Ready                test-model · YOLO · click/Ctrl+O details · /help
