◆ memfit  local isolated agent
test-model · YOLO · /workspace/yaklang
Enter send · Alt+Enter newline · click/^O details · Ctrl+C stop · /help

❯ 你好，Memfit↵第二行 🌏
───────────────────────────────────────────────────────────────────────────────────────
○ Ready                                test-model · YOLO · click/Ctrl+O details · /help
