◆ memfit  local isolated agent
test-model · YOLO · /workspace/yaklang
Enter send · Alt+Enter newline · @ files · / commands · PgUp history · ^O details

You
  你好，Memfit
  第二行 🌏

Memfit
  echo: 你好，Memfit / 第二行 🌏

✓ Completed · <elapsed> · test-model

› ✓ Thinking ▸
╭─ Message ────────────────────────────────────────────────────────────────────────────
│ ❯ Type a message · @ files · / commands
╰──────────────────────────────────────────────────────────────────────────────────────
○ Ready                                test-model · YOLO · click/Ctrl+O details · /help
