◆ memfit  local isolated agent
test-model · YOLO · /workspace/yaklang
Enter send · Alt+Enter newline · click/^O details · Ctrl+C stop · /help

You
  你好，Memfit
  第二行 🌏

Memfit
  echo: 你好，Memfit / 第二行 🌏

✓ Completed · <elapsed> · test-model

› ✓ Thinking ▸
❯
───────────────────────────────────────────────────────────────────────────────────────
○ Ready                                test-model · YOLO · click/Ctrl+O details · /help
